{
  "location": [
    "s3:restoretest-get-target"
  ],
  "keyspace": [
    "*",
    "!system_schema"
  ],
  "snapshot_tag": "sm_20060102150405UTC",
  "batch_size": 2,
  "parallel": 1,
  "restore_tables": true
}