{
  "location": [
    "s3:restoretest-get-target"
  ],
  "keyspace": [
    "my_keyspace.*",
    "!my_keyspace.my_table",
    "!system",
    "!system_schema",
    "!system_distributed_everywhere.cdc_generation_descriptions_v2",
    "!system_distributed.cdc_streams_descriptions_v2",
    "!system_distributed.cdc_generation_timestamps",
    "!*.*_scylla_cdc_log"
  ],
  "snapshot_tag": "sm_20060102150405UTC",
  "batch_size": 99,
  "parallel": 98,
  "restore_tables": true,
  "continue": true
}