{
  "size": 30,
  "restored": 0,
  "downloaded": 0,
  "failed": 0,
  "started_at": "2025-01-01T11:58:01Z",
  "completed_at": null,
  "snapshot_tag": "snapshot_tag",
  "keyspaces": [
    {
      "size": 30,
      "restored": 0,
      "downloaded": 0,
      "failed": 0,
      "started_at": "2025-01-01T11:58:01Z",
      "completed_at": null,
      "keyspace": "ks1",
      "tables": [
        {
          "size": 10,
          "restored": 0,
          "downloaded": 0,
          "failed": 0,
          "started_at": "2025-01-01T11:58:01Z",
          "completed_at": null,
          "table": "t1",
          "tombstone_gc": "repair"
        },
        {
          "size": 20,
          "restored": 0,
          "downloaded": 0,
          "failed": 0,
          "started_at": "2025-01-01T11:58:03Z",
          "completed_at": null,
          "table": "t2",
          "tombstone_gc": "repair"
        }
      ]
    }
  ],
  "hosts": [
    {
      "host": "192.168.1.1",
      "shard_cnt": 4,
      "downloaded_bytes": 0,
      "download_duration": 0
    },
    {
      "host": "192.168.1.2",
      "shard_cnt": 4,
      "downloaded_bytes": 0,
      "download_duration": 0
    }
  ],
  "stage": "DATA"
}