{
  "size": 30,
  "restored": 30,
  "downloaded": 30,
  "failed": 0,
  "started_at": "2025-01-01T12:00:00Z",
  "completed_at": "2025-01-01T12:00:04Z",
  "snapshot_tag": "snapshot_tag",
  "keyspaces": [
    {
      "size": 30,
      "restored": 30,
      "downloaded": 30,
      "failed": 0,
      "started_at": "2025-01-01T12:00:00Z",
      "completed_at": "2025-01-01T12:00:03Z",
      "keyspace": "ks1",
      "tables": [
        {
          "size": 10,
          "restored": 10,
          "downloaded": 10,
          "failed": 0,
          "started_at": "2025-01-01T12:00:00Z",
          "completed_at": "2025-01-01T12:00:01Z",
          "table": "t1",
          "tombstone_gc": ""
        },
        {
          "size": 20,
          "restored": 20,
          "downloaded": 20,
          "failed": 0,
          "started_at": "2025-01-01T12:00:01Z",
          "completed_at": "2025-01-01T12:00:03Z",
          "table": "t2",
          "tombstone_gc": ""
        }
      ]
    }
  ],
  "hosts": [
    {
      "host": "192.168.1.1",
      "shard_cnt": 4,
      "downloaded_bytes": 10,
      "download_duration": 1000
    },
    {
      "host": "192.168.1.2",
      "shard_cnt": 4,
      "downloaded_bytes": 20,
      "download_duration": 2000
    }
  ],
  "views": [
    {
      "keyspace": "ks1",
      "view": "v1",
      "type": "MaterializedView",
      "base_table": "t1",
      "status": "SUCCESS"
    },
    {
      "keyspace": "ks1",
      "view": "v2",
      "type": "MaterializedView",
      "base_table": "t2",
      "status": "SUCCESS"
    }
  ],
  "stage": "RECREATE_VIEWS"
}