{
  "size": 0,
  "restored": 0,
  "downloaded": 0,
  "failed": 0,
  "started_at": "2025-01-01T11:58:01Z",
  "completed_at": "2025-01-01T11:58:04Z",
  "snapshot_tag": "snapshot_tag",
  "keyspaces": [
    {
      "size": 0,
      "restored": 0,
      "downloaded": 0,
      "failed": 0,
      "started_at": "2025-01-01T11:58:01Z",
      "completed_at": "2025-01-01T11:58:04Z",
      "keyspace": "ks1",
      "tables": [
        {
          "size": 0,
          "restored": 0,
          "downloaded": 0,
          "failed": 0,
          "started_at": "2025-01-01T11:58:01Z",
          "completed_at": "2025-01-01T11:58:03Z",
          "table": "t1",
          "tombstone_gc": "repair"
        },
        {
          "size": 0,
          "restored": 0,
          "downloaded": 0,
          "failed": 0,
          "started_at": "2025-01-01T11:58:03Z",
          "completed_at": "2025-01-01T11:58:04Z",
          "table": "t2",
          "tombstone_gc": "repair"
        }
      ]
    }
  ],
  "stage": "ALTER_TGC"
}