{
  "tables": [
    {
      "started_at": "2025-01-01T12:00:00Z",
      "completed_at": "2025-01-01T12:00:01Z",
      "size": 40,
      "restored": 40,
      "status": "done",
      "keyspace": "ks1",
      "table": "t1"
    },
    {
      "started_at": "2025-01-01T12:00:01Z",
      "completed_at": "2025-01-01T12:00:03Z",
      "size": 20,
      "restored": 20,
      "status": "done",
      "keyspace": "ks1",
      "table": "t2"
    }
  ],
  "views": null
}