{
  "size": 0,
  "restored": 0,
  "downloaded": 0,
  "failed": 0,
  "started_at": "2025-01-01T11:59:01Z",
  "completed_at": "2025-01-01T11:59:04Z",
  "snapshot_tag": "snapshot_tag",
  "views": [
    {
      "keyspace": "ks1",
      "view": "v1",
      "type": "MaterializedView",
      "base_table": "t1",
      "status": ""
    },
    {
      "keyspace": "ks1",
      "view": "v2",
      "type": "MaterializedView",
      "base_table": "t2",
      "status": ""
    }
  ],
  "stage": "DROP_VIEWS"
}