{
  "tables": [
    {
      "started_at": "2025-01-01T12:00:00Z",
      "completed_at": null,
      "size": 40,
      "restored": 40,
      "status": "failed",
      "keyspace": "ks1",
      "table": "t1"
    },
    {
      "started_at": "2025-01-01T12:00:01Z",
      "completed_at": "2025-01-01T12:00:03Z",
      "size": 20,
      "restored": 20,
      "status": "done",
      "keyspace": "ks1",
      "table": "t2"
    }
  ],
  "views": [
    {
      "started_at": "2025-01-01T12:00:01Z",
      "completed_at": null,
      "size": 0,
      "restored": 0,
      "status": "failed",
      "keyspace": "ks1",
      "table": "v1",
      "type": "MaterializedView"
    },
    {
      "started_at": "2025-01-01T12:01:03Z",
      "completed_at": "2025-01-01T12:00:04Z",
      "size": 0,
      "restored": 0,
      "status": "done",
      "keyspace": "ks1",
      "table": "v2",
      "type": "MaterializedView"
    }
  ]
}