[
  {
    "Begin": "Mon-0:00",
    "End": "Fri-15:00"
  }
]