{
  "units": [
    {
      "keyspace": "system_auth",
      "tables": [
        "role_members",
        "role_attributes",
        "roles",
        "role_permissions"
      ],
      "all_tables": true
    },
    {
      "keyspace": "system_distributed",
      "tables": [
        "cdc_streams_descriptions_v2",
        "cdc_generation_timestamps",
        "view_build_status",
        "service_levels"
      ],
      "all_tables": true
    },
    {
      "keyspace": "system_distributed_everywhere",
      "tables": [
        "cdc_generation_descriptions_v2"
      ],
      "all_tables": true
    },
    {
      "keyspace": "system_traces",
      "tables": [
        "events",
        "node_slow_log",
        "sessions",
        "sessions_time_idx",
        "node_slow_log_time_idx"
      ],
      "all_tables": true
    },
    {
      "keyspace": "system_schema",
      "tables": [
        "computed_columns",
        "types",
        "tables",
        "view_virtual_columns",
        "aggregates",
        "keyspaces",
        "columns",
        "dropped_columns",
        "triggers",
        "functions",
        "indexes",
        "scylla_tables",
        "views"
      ],
      "all_tables": true
    }
  ],
  "dc": [
    "dc1",
    "dc2"
  ],
  "location": [
    "s3:backuptest-get-target",
    "dc1:s3:backuptest-get-target"
  ],
  "retention_policy": {
    "retention_days": 0,
    "retention": 3
  },
  "rate_limit": [
    "100"
  ],
  "continue": true
}