{
  "percent_complete": 100,
  "token_ranges": 0,
  "success": 0,
  "error": 0,
  "started_at": null,
  "completed_at": null,
  "duration_ms": 0,
  "hosts": null,
  "tables": null,
  "intensity": 666,
  "parallel": 6
}
