{
  "percent_complete": 100,
  "token_ranges": 23,
  "success": 23,
  "error": 0,
  "started_at": "2019-01-01T00:00:00Z",
  "completed_at": "2019-01-01T00:02:00Z",
  "duration_ms": 120000,
  "intensity": 666,
  "parallel": 6,
  "hosts": [
    {
      "percent_complete": 100,
      "token_ranges": 15,
      "success": 15,
      "error": 0,
      "started_at": "2019-01-01T00:00:00Z",
      "completed_at": "2019-01-01T00:02:00Z",
      "duration_ms": 120000,
      "host": "h1",
      "tables": [{
        "percent_complete": 100,
        "token_ranges": 10,
        "success": 10,
        "error": 0,
        "started_at": "2019-01-01T00:00:00Z",
        "completed_at": "2019-01-01T00:01:00Z",
        "duration_ms": 60000,
        "keyspace": "k1",
        "table": "t1"
      }, {
        "percent_complete": 100,
        "token_ranges": 5,
        "success": 5,
        "error": 0,
        "started_at": "2019-01-01T00:01:00Z",
        "completed_at": "2019-01-01T00:02:00Z",
        "duration_ms": 60000,
        "keyspace": "k2",
        "table": "t1"
      }]
    },
    {
      "percent_complete": 100,
      "token_ranges": 8,
      "success": 8,
      "error": 0,
      "started_at": "2019-01-01T00:00:00Z",
      "completed_at": "2019-01-01T00:02:00Z",
      "duration_ms": 179000,
      "host": "h2",
      "tables": [
        {
          "percent_complete": 100,
          "token_ranges": 5,
          "success": 5,
          "error": 0,
          "started_at": "2019-01-01T00:01:01Z",
          "completed_at": "2019-01-01T00:02:00Z",
          "duration_ms": 59000,
          "keyspace": "k2",
          "table": "t1"
        },
        {
        "percent_complete": 100,
        "token_ranges": 3,
        "success": 3,
        "error": 0,
        "started_at": "2019-01-01T00:00:00Z",
        "completed_at": "2019-01-01T00:02:00Z",
        "duration_ms": 120000,
        "keyspace": "k3",
        "table": "t1"
      }]
    }
  ],
  "tables": [
    {
      "percent_complete": 100,
      "token_ranges": 10,
      "success": 10,
      "error": 0,
      "started_at": "2019-01-01T00:00:00Z",
      "completed_at": "2019-01-01T00:01:00Z",
      "duration_ms": 60000,
      "keyspace": "k1",
      "table": "t1"
    }, {
      "percent_complete": 100,
      "token_ranges": 10,
      "success": 10,
      "error": 0,
      "started_at": "2019-01-01T00:01:00Z",
      "completed_at": "2019-01-01T00:02:00Z",
      "duration_ms": 60000,
      "keyspace": "k2",
      "table": "t1"
    }, {
      "percent_complete": 100,
      "token_ranges": 3,
      "success": 3,
      "error": 0,
      "started_at": "2019-01-01T00:00:00Z",
      "completed_at": "2019-01-01T00:02:00Z",
      "duration_ms": 120000,
      "keyspace": "k3",
      "table": "t1"
    }
  ]
}
