Run:		task_run_id
Status:		DONE
Start time:	01 Jan 25 10:00:00 CET
End time:	01 Jan 25 11:00:00 CET
Duration:	1h0m0s
Progress: 
╭───────────┬────────┬──────────────────┬──────────┬────────╮
│ Keyspace  │ View   │ Type             │ Duration │ Status │
├───────────┼────────┼──────────────────┼──────────┼────────┤
│ keyspace1 │ view1  │ MaterializedView │ 30m0s    │ done   │
│ keyspace1 │ index1 │ SecondaryIndex   │ 30m0s    │ done   │
╰───────────┴────────┴──────────────────┴──────────┴────────╯
