--cluster 564a4ef1-0f37-40c5-802c-d08d788b8503 --cron '1 2 3 4 5' --num-retries 3