sctool repair --cluster 564a4ef1-0f37-40c5-802c-d08d788b8503 --cron '1 2 3 4 5' --num-retries 3 -K 'test_keyspace_dc1_rf3.*,!test_keyspace_dc2*' --dc 'dc2' --host '192.168.100.11' --fail-fast --intensity 1 --parallel 2 --small-table-threshold 1G