{
  "size": 180,
  "restored": 0,
  "downloaded": 0,
  "failed": 0,
  "started_at": null,
  "completed_at": null,
  "repair_progress": null,
  "snapshot_tag": "sm_20240223011159UTC",
  "keyspaces": [
    {
      "size": 180,
      "restored": 0,
      "downloaded": 0,
      "failed": 0,
      "started_at": null,
      "completed_at": null,
      "keyspace": "ks",
      "tables": [
        {
          "size": 60,
          "restored": 0,
          "downloaded": 0,
          "failed": 0,
          "started_at": null,
          "completed_at": null,
          "table": "tab1",
          "tombstone_gc": "repair"
        },
        {
          "size": 120,
          "restored": 0,
          "downloaded": 0,
          "failed": 0,
          "started_at": null,
          "completed_at": null,
          "table": "tab2",
          "tombstone_gc": "timeout"
        }
      ]
    }
  ],
  "views": [
    {
      "keyspace": "ks",
      "view": "mv",
      "type": "MaterializedView",
      "base_table": "tab1",
      "create_stmt": "CREATE",
      "status": ""
    }
  ],
  "stage": "DATA"
}