{
  "size": 180,
  "restored": 140,
  "downloaded": 0,
  "failed": 0,
  "started_at": "2024-02-23T01:12:00Z",
  "completed_at": null,
  "repair_progress": null,
  "snapshot_tag": "sm_20240223011159UTC",
  "keyspaces": [
    {
      "size": 180,
      "restored": 140,
      "downloaded": 0,
      "failed": 0,
      "started_at": "2024-02-23T01:12:00Z",
      "completed_at": null,
      "keyspace": "ks",
      "tables": [
        {
          "size": 60,
          "restored": 60,
          "downloaded": 0,
          "failed": 0,
          "started_at": "2024-02-23T01:12:00Z",
          "completed_at": "2024-02-23T01:12:10Z",
          "table": "tab1",
          "tombstone_gc": "repair"
        },
        {
          "size": 120,
          "restored": 80,
          "downloaded": 0,
          "failed": 0,
          "started_at": "2024-02-23T01:12:01Z",
          "completed_at": null,
          "table": "tab2",
          "tombstone_gc": "timeout"
        }
      ]
    }
  ],
  "hosts": [
    {
      "host": "h",
      "shard_cnt": 1,
      "restored_bytes": 140,
      "restore_duration": 21000,
      "downloaded_bytes": 0,
      "download_duration": 0,
      "streamed_bytes": 0,
      "stream_duration": 0
    }
  ],
  "views": [
    {
      "keyspace": "ks",
      "view": "mv",
      "type": "MaterializedView",
      "base_table": "tab1",
      "create_stmt": "CREATE",
      "status": ""
    }
  ],
  "stage": "DATA"
}