 __  
/  \     a
@  @     b
|  |     c
|| |/    d
|| ||    e
|\_/|    f
\___/    g
         h
         i
         j
