{
  "units": [
    {
      "Keyspace": "system_auth",
      "Tables": [
        "role_attributes",
        "role_members",
        "roles",
        "role_permissions"
      ],
      "AllTables": true
    },
    {
      "Keyspace": "system_distributed",
      "Tables": [
        "cdc_generation_timestamps",
        "view_build_status",
        "service_levels",
        "cdc_streams_descriptions_v2"
      ],
      "AllTables": true
    },
    {
      "Keyspace": "system_distributed_everywhere",
      "Tables": [
        "cdc_generation_descriptions_v2"
      ],
      "AllTables": true
    },
    {
      "Keyspace": "system_traces",
      "Tables": [
        "events",
        "sessions_time_idx",
        "node_slow_log_time_idx",
        "sessions",
        "node_slow_log"
      ],
      "AllTables": true
    }
  ],
  "dc": [
    "dc1",
    "dc2"
  ],
  "fail_fast": false,
  "continue": false,
  "intensity": 1,
  "parallel": 0,
  "small_table_threshold": 1073741824
}