{
  "units": [
    {
      "Keyspace": "system_traces",
      "Tables": [
        "node_slow_log_time_idx",
        "node_slow_log"
      ],
      "AllTables": false
    }
  ],
  "dc": [
    "dc1",
    "dc2"
  ],
  "fail_fast": false,
  "continue": true,
  "intensity": 1,
  "parallel": 0,
  "small_table_threshold": 1073741824
}