--cluster 564a4ef1-0f37-40c5-802c-d08d788b8503 --cron '1 2 3 4 5' --num-retries 3 -K 'test_keyspace_dc1_rf3.*,!test_keyspace_dc2*' --dc 'dc1,dc2' --retention 3 --rate-limit 2 --snapshot-parallel 'dc1:2,dc2:3' --upload-parallel 'dc1:4,dc2:1'