{
  "token_ranges": 10,
  "success": 10,
  "error": 0,
  "started_at": "2019-01-01T00:00:00Z",
  "completed_at": "2019-01-01T00:01:00Z",
  "duration_ms": 60000,
  "success_percentage": 100,
  "error_percentage": 0,
  "dcs": null,
  "host": "",
  "hosts": [
    {
      "token_ranges": 10,
      "success": 10,
      "error": 0,
      "started_at": "2019-01-01T00:00:00Z",
      "completed_at": "2019-01-01T00:01:00Z",
      "duration_ms": 60000,
      "host": "h1",
      "tables": [
        {
          "token_ranges": 10,
          "success": 10,
          "error": 0,
          "started_at": "2019-01-01T00:00:00Z",
          "completed_at": "2019-01-01T00:01:00Z",
          "duration_ms": 60000,
          "keyspace": "k1",
          "table": "t1"
        }
      ]
    }
  ],
  "tables": [
    {
      "token_ranges": 10,
      "success": 10,
      "error": 0,
      "started_at": "2019-01-01T00:00:00Z",
      "completed_at": "2019-01-01T00:01:00Z",
      "duration_ms": 60000,
      "keyspace": "k1",
      "table": "t1"
    }
  ],
  "max_intensity": 777,
  "intensity": 666,
  "max_parallel": 99,
  "parallel": 6
}